// Jest Snapshot v1, https://goo.gl/fbAQLP

exports[`TheDate Component renders the UI as expected 1`] = `
<div>
  9/13/2020, 11:47:18 AM
   
</div>
`;
